Restore Archived Project report for ulucay_1901042697_hw3
Sun Dec 19 22:14:45 2021
Quartus II 64-Bit Version 13.1.0 Build 162 10/23/2013 SJ Web Edition


---------------------
; Table of Contents ;
---------------------
  1. Legal Notice
  2. Restore Archived Project Summary
  3. Restore Archived Project Messages
  4. Files Restored
  5. Files Not Restored



----------------
; Legal Notice ;
----------------
Copyright (C) 1991-2013 Altera Corporation
Your use of Altera Corporation's design tools, logic functions 
and other software and tools, and its AMPP partner logic 
functions, and any output files from any of the foregoing 
(including device programming or simulation files), and any 
associated documentation or information are expressly subject 
to the terms and conditions of the Altera Program License 
Subscription Agreement, Altera MegaCore Function License 
Agreement, or other applicable license agreement, including, 
without limitation, that your use is for the sole purpose of 
programming logic devices manufactured by Altera and sold by 
Altera or its authorized distributors.  Please refer to the 
applicable agreement for further details.



+-------------------------------------------------------------------------+
; Restore Archived Project Summary                                        ;
+---------------------------------+---------------------------------------+
; Restore Archived Project Status ; Successful - Sun Dec 19 22:14:45 2021 ;
; Revision Name                   ; ulucay_1901042697_hw3                 ;
; Top-level Entity Name           ; alu_32bit                             ;
; Family                          ; Cyclone III                           ;
+---------------------------------+---------------------------------------+


+-----------------------------------+
; Restore Archived Project Messages ;
+-----------------------------------+
Info: Successfully restored 'C:/Users/M Bedir ULUCAY/Desktop/Organizasyon/hws/hw3/1901042697_hw3/ulucay_1901042697_hw3.qar' into the 'C:/Users/M Bedir ULUCAY/Desktop/Organizasyon/hws/hw3/1901042697_hw3/ulucay_1901042697_hw3_restored/' directory
Info: Generated report 'ulucay_1901042697_hw3.restore.rpt'
Info (23030): Evaluation of Tcl script c:/altera/13.1/quartus/common/tcl/apps/qpm/qar.tcl was successful
Info: Quartus II 64-Bit Shell was successful. 0 errors, 0 warnings
    Info: Peak virtual memory: 4420 megabytes
    Info: Processing ended: Sun Dec 19 22:14:45 2021
    Info: Elapsed time: 00:00:01
    Info: Total CPU time (on all processors): 00:00:01


+------------------------------------------------------------------+
; Files Restored                                                   ;
+------------------------------------------------------------------+
; File Name                                                        ;
+------------------------------------------------------------------+
; assignment_defaults.qdf                                          ;
; db/ulucay_1901042697_hw3.db_info                                 ;
; incremental_db/compiled_partitions/ulucay_1901042697_hw3.db_info ;
; modelsim_q.tcl                                                   ;
; prj_asd_import.tcl                                               ;
; remote_cmp.tcl                                                   ;
; tcl_client.tcl                                                   ;
; tcl_server.tcl                                                   ;
; ulucay_1901042697_hw3.qpf                                        ;
; ulucay_1901042697_hw3.qsf                                        ;
; workspace/ulucay_1901042697_hw3/ALU.v                            ;
; workspace/ulucay_1901042697_hw3/ALU_testbench.v                  ;
; workspace/ulucay_1901042697_hw3/_4bit_adder.v                    ;
; workspace/ulucay_1901042697_hw3/alu_32bit.v                      ;
; workspace/ulucay_1901042697_hw3/alu_32bit_testbench.v            ;
; workspace/ulucay_1901042697_hw3/alu_32bit_testbench_ADD.v        ;
; workspace/ulucay_1901042697_hw3/alu_32bit_testbench_AND.v        ;
; workspace/ulucay_1901042697_hw3/alu_32bit_testbench_NOR.v        ;
; workspace/ulucay_1901042697_hw3/alu_32bit_testbench_OR.v         ;
; workspace/ulucay_1901042697_hw3/alu_32bit_testbench_STL.v        ;
; workspace/ulucay_1901042697_hw3/alu_32bit_testbench_SUB.v        ;
; workspace/ulucay_1901042697_hw3/alu_32bit_testbench_XOR.v        ;
; workspace/ulucay_1901042697_hw3/full_adder.v                     ;
; workspace/ulucay_1901042697_hw3/full_adder_testbench.v           ;
; workspace/ulucay_1901042697_hw3/half_adder.v                     ;
; workspace/ulucay_1901042697_hw3/half_adder_testbench.v           ;
; workspace/ulucay_1901042697_hw3/leastALU.v                       ;
; workspace/ulucay_1901042697_hw3/mostALU.v                        ;
; workspace/ulucay_1901042697_hw3/mostALU_testbench.v              ;
; workspace/ulucay_1901042697_hw3/mux_2x1.v                        ;
; workspace/ulucay_1901042697_hw3/mux_2x1_32bit.v                  ;
; workspace/ulucay_1901042697_hw3/mux_2x1_testbench.v              ;
; workspace/ulucay_1901042697_hw3/mux_4x1.v                        ;
; workspace/ulucay_1901042697_hw3/mux_4x1_testbench.v              ;
; workspace/ulucay_1901042697_hw3/mux_8x1.v                        ;
; workspace/ulucay_1901042697_hw3/mux_8x1_testbench.v              ;
; workspace/ulucay_1901042697_hw3/onebitALU.v                      ;
; workspace/ulucay_1901042697_hw3/onebitALU_testbench.v            ;
; workspace/ulucay_1901042697_hw3/setLessThan.v                    ;
; workspace/ulucay_1901042697_hw3/twoBitALU.v                      ;
; workspace/ulucay_1901042697_hw3/twoBitALU_testbench.v            ;
+------------------------------------------------------------------+


+--------------------+
; Files Not Restored ;
+--------------------+
; File Name          ;
+--------------------+


